// Jest Snapshot v1, https://goo.gl/fbAQLP

exports[`Spinner renders 1`] = `
<span
  className="Spinner"
/>
`;
