// Jest Snapshot v1, https://goo.gl/fbAQLP

exports[`Icon renders 1`] = `
<test-file-stub
  className="Icon white"
  focusable="false"
/>
`;
